[officialpouvoirsto.wixsite.com/home.html]
[backblue.gif]
[fade.gif]
[index.html]
[officialpouvoirsto.wixsite.com/sitemap.xml]
[officialpouvoirsto.wixsite.com/feed.xml]
[browser.sentry-cdn.com/4.6.2/bundle.min.js]
[static.parastorage.com/unpkg/core-js-bundle@3.2.1/minified.js]
[static.parastorage.com/unpkg/whatwg-fetch@3.0.0/dist/fetch.umd.js]
[static.parastorage.com/services/wix-bolt/1.3906.0/bolt-main/app/bolt-custom-elements.min.js]
[static.parastorage.com/unpkg/requirejs-bolt@2.3.6/requirejs.min.js]
[officialpouvoirsto.wixsite.com/_partials/wix-bolt/1.3906.0/node_modules/viewer-platform-worker/dist/bolt-worker.js]
[static.parastorage.com/services/skins/2.1229.80/images/wysiwyg/core/themes/base/cursor_zoom_out.png]
[static.parastorage.com/services/skins/2.1229.80/images/wysiwyg/core/themes/base/cursor_zoom_in.png]
[static.parastorage.com/services/wixstores-client-gallery/1.569.0/sliderGallery.min.css]
[static.wixstatic.com/media/a201db_e840be9d8cf844d1973b84dcfb2d0883_mv2_d_4/v1/fill/w_245,h_188,al_c,q_80,usm_0.66_1.00_0.01,blur_2/a201db_e840be9d8cf844d1973b84dcfb2d0883_mv2_d_4016_3075_s]
[officialpouvoirsto.wixsite.com/home/produktseite/pouvoir-t-shirt-black.html]
[static.wixstatic.com/media/a201db_aa07b769fe954d258b382d1c426a1153_mv2.jpg/v1/fill/w_100,h_100,al_c,q_80,usm_0.66_1.00_0.01/a201db_aa07b769fe954d258b382d1c426a1153_mv2.jpg]
[officialpouvoirsto.wixsite.com/home/produktseite/pouvoir-white-tshirt.html]
[static.wixstatic.com/media/a201db_e5a2a57329164db9bd043fcf084bb61a_mv2_d_3840_2160_s_2.png/v1/fill/w_106,h_60,al_c,usm_0.66_1.00_0.01,blur_3/Unbenannt-1.png]
[static.wixstatic.com/media/a201db_f57e713b7ef84216bc07005f8513dd9d_mv2_d_3/v1/fill/w_294,h_165,al_c,usm_0.66_1.00_0.01,blur_2/a201db_f57e713b7ef84216bc07005f8513dd9d_mv2_d_3840_2160_s_2.12]
[static.wixstatic.com/media/a201db_62fb9adb7468434ca187e14df61045d8_mv2_d_1/v1/fill/w_83,h_100,al_c,q_80,usm_0.66_1.00_0.01/a201db_62fb9adb7468434ca187e14df61045d8_mv2_d_1238_1500_s_2.11.de]
[static.wixstatic.com/media/a201db_e840be9d8cf844d1973b84dcfb2d0883_mv2_d_4/v1/fill/w_118,h_90,al_c,q_80,usm_0.66_1.00_0.01,blur_2/a201db_e840be9d8cf844d1973b84dcfb2d0883_mv2_d_4016_3075_s_]
[officialpouvoirsto.wixsite.com/home/shop.html]
[static.parastorage.com/services/wixstores-client-cart-icon/1.386.0/cartIcon.min.css]
[officialpouvoirsto.wixsite.com/home/warenkorb.html]
[static.wixstatic.com/media/0da768_0c5ce9e2ffa442bea0b79b690223a939_mv2.png]
[officialpouvoirsto.wixsite.com/home.html]
[officialpouvoirsto.wixsite.com/sitemap.html]
[officialpouvoirsto.wixsite.com/feed.html]
[static.parastorage.com/services/wixstores-client-gallery/1.569.0/sliderGallery.min.css]
[static.parastorage.com/services/wixstores-client-gallery/1.569.0/sliderGallery.stylable.bundle.css]
[officialpouvoirsto.wixsite.com/home/produktseite/robots.html]
[officialpouvoirsto.wixsite.com/home/produktseite/feed.xml]
[static.parastorage.com/services/wixstores-client-product-page/1.577.0/productPage.min.css]
[static.parastorage.com/services/wixstores-client-product-page/1.577.0/productPage.stylable.bundle.css]
[static.wixstatic.com/media/a201db_aa07b769fe954d258b382d1c426a1153_mv2.jpg/v1/fill/w_1000,h_1000,al_c,q_85/a201db_aa07b769fe954d258b382d1c426a1153_mv2.jpg]
[static.wixstatic.com/media/a201db_aa07b769fe954d258b382d1c426a1153_mv2.jpg/v1/fill/w_551,h_551,al_c,q_50,usm_0.66_1.00_0.01/a201db_aa07b769fe954d258b382d1c426a1153_mv2.jpg]
[static.wixstatic.com/media/a201db_a582e569ed484a549f4c761e4b0febb6_mv2_d_2000_2000_s_2.jpg/v1/fill/w_2000,h_2000,al_c,q_85/a201db_a582e569ed484a549f4c761e4b0febb6_mv2_d_2000_2000_s_2.jpg]
[static.wixstatic.com/media/a201db_aa07b769fe954d258b382d1c426a1153_mv2.jpg/v1/fill/w_45,h_45,al_c,q_50,usm_0.66_1.00_0.01/a201db_aa07b769fe954d258b382d1c426a1153_mv2.jpg]
[officialpouvoirsto.wixsite.com/home/produktseite/pouvoir-t-shirt-black.html]
[static.wixstatic.com/media/a201db_a582e569ed484a549f4c761e4b0febb6_mv2_d_2/v1/fill/w_45,h_45,al_c,q_50,usm_0.66_1.00_0.01/a201db_a582e569ed484a549f4c761e4b0febb6_mv2_d_2000_2000_s_2.22.del]
[static.wixstatic.com/media/a201db_62fb9adb7468434ca187e14df61045d8_mv2_d_1238_1500_s_2.jpg/v1/fill/w_1238,h_1500,al_c,q_85/a201db_62fb9adb7468434ca187e14df61045d8_mv2_d_1238_1500_s_2.jpg]
[static.wixstatic.com/media/a201db_bcdb9be0d4524c4f8e09f47d7169c0ec_mv2_d_2000_2000_s_2.jpg/v1/fill/w_2000,h_2000,al_c,q_85/a201db_bcdb9be0d4524c4f8e09f47d7169c0ec_mv2_d_2000_2000_s_2.jpg]
[officialpouvoirsto.wixsite.com/home/produktseite/pouvoir-white-tshirt.html]
[static.wixstatic.com/media/a201db_62fb9adb7468434ca187e14df61045d8_mv2_d_1/v1/fill/w_455,h_551,al_c,q_50,usm_0.66_1.00_0.01/a201db_62fb9adb7468434ca187e14df61045d8_mv2_d_1238_1500_s_2.24.d]
[officialpouvoirsto.wixsite.com/home/robots.28.delayed]
[static.wixstatic.com/media/a201db_62fb9adb7468434ca187e14df61045d8_mv2_d_1/v1/fill/w_45,h_45,al_c,q_50,usm_0.66_1.00_0.01/a201db_62fb9adb7468434ca187e14df61045d8_mv2_d_1238_1500_s_2.26.del]
[static.wixstatic.com/media/a201db_bcdb9be0d4524c4f8e09f47d7169c0ec_mv2_d_2/v1/fill/w_45,h_45,al_c,q_50,usm_0.66_1.00_0.01/a201db_bcdb9be0d4524c4f8e09f47d7169c0ec_mv2_d_2000_2000_s_2.27.del]
[officialpouvoirsto.wixsite.com/home/sitemap.xml]
[officialpouvoirsto.wixsite.com/home/feed.2a.delayed]
[static.parastorage.com/services/wixstores-client-gallery/1.569.0/gallery.min.css]
[officialpouvoirsto.wixsite.com/home/shop.html]
[static.parastorage.com/services/wixstores-client-gallery/1.569.0/gallery.stylable.bundle.css]
[static.parastorage.com/services/wixstores-client-cart-icon/1.386.0/cartIcon.min.css]
[officialpouvoirsto.wixsite.com/home/warenkorb.html]
[static.wixstatic.com/media/a201db_62fb9adb7468434ca187e14df61045d8_mv2_d_1/v1/fill/w_100,h_100,al_c,q_80,usm_0.66_1.00_0.01/a201db_62fb9adb7468434ca187e14df61045d8_mv2_d_1238_1500_s_2.2d.d]
[officialpouvoirsto.wixsite.com/home/produktseite/robots.html]
[officialpouvoirsto.wixsite.com/home/produktseite/sitemap.html]
[officialpouvoirsto.wixsite.com/home/produktseite/feed.html]
[static.parastorage.com/services/wixstores-client-product-page/1.577.0/productPage.min.css]
[static.parastorage.com/services/wixstores-client-product-page/1.577.0/productPage.stylable.bundle.css]
[officialpouvoirsto.wixsite.com/home/robots.html]
[officialpouvoirsto.wixsite.com/home/feed.html]
[static.parastorage.com/services/wixstores-client-gallery/1.569.0/gallery.min.css]
[static.parastorage.com/services/wixstores-client-gallery/1.569.0/gallery.stylable.bundle.css]
